Information: Updating design information... (UID-85)
Warning: Design 'top_4' contains 1 high-fanout nets. A fanout number of 1000 will be used for delay calculations involving these nets. (TIM-134)
 
****************************************
Report : timing
        -path full
        -delay min
        -max_paths 1
Design : top_4
Version: I-2013.12-SP1
Date   : Thu Apr 16 12:54:53 2015
****************************************

 # A fanout number of 1000 was used for high fanout net computations.

Operating Conditions: fast   Library: NangateOpenCellLibrary_PDKv1_2_v2008_10_fast_nldm
Wire Load Model Mode: top

  Startpoint: a10/SyncY_reg[48]
              (rising edge-triggered flip-flop clocked by clock)
  Endpoint: a4/bit_buf1_reg
            (rising edge-triggered flip-flop clocked by clock)
  Path Group: clock
  Path Type: min

  Point                                    Incr       Path
  -----------------------------------------------------------
  clock clock (rise edge)                0.0000     0.0000
  clock network delay (ideal)            0.0000     0.0000
  a10/SyncY_reg[48]/CK (DFF_X1)          0.0000 #   0.0000 r
  a10/SyncY_reg[48]/Q (DFF_X1)           0.0540     0.0540 r
  a10/SyncY[48] (sync)                   0.0000     0.0540 r
  a4/SyncY[48] (syncMult)                0.0000     0.0540 r
  a4/bit_buf1_reg/D (DFF_X1)             0.0000     0.0540 r
  data arrival time                                 0.0540

  clock clock (rise edge)                0.0000     0.0000
  clock network delay (ideal)            0.0000     0.0000
  clock uncertainty                      0.0500     0.0500
  a4/bit_buf1_reg/CK (DFF_X1)            0.0000     0.0500 r
  library hold time                     -0.0156     0.0344
  data required time                                0.0344
  -----------------------------------------------------------
  data required time                                0.0344
  data arrival time                                -0.0540
  -----------------------------------------------------------
  slack (MET)                                       0.0196


1
